2026-01-17 23:26:09 | test         | INFO     | Production test started
2026-01-17 23:28:44 | test         | INFO     | Production test started
2026-01-17 23:32:14 | test         | INFO     | Production test started
2026-01-17 23:35:41 | test         | INFO     | Production test started
2026-01-17 23:44:36 | test         | INFO     | Production test started
